// Jest Snapshot v1, https://goo.gl/fbAQLP

exports[`should render an ExpenseListItem with the expense data that is provided 1`] = `
<div>
  <Link
    to="/edit/3"
  >
    <h3>
      Credit Card Bill
    </h3>
  </Link>
  <p>
    2500
     - 
    345600000
  </p>
</div>
`;
